// Jest Snapshot v1, https://goo.gl/fbAQLP

exports[`TasksListItem should render correctly 1`] = `
<Provider
  store={
    Object {
      "clearActions": [Function],
      "dispatch": [Function],
      "getActions": [Function],
      "getState": [Function],
      "replaceReducer": [Function],
      "subscribe": [Function],
    }
  }
>
  <Memo()
    closed={false}
    id="test1"
    title="Test1"
  >
    <styled.div
      closed={false}
    >
      <div
        className="sc-bdfBwQ GSvvC"
      >
        <WithStyles(ForwardRef(ListItem))>
          <ForwardRef(ListItem)
            classes={
              Object {
                "alignItemsFlexStart": "MuiListItem-alignItemsFlexStart",
                "button": "MuiListItem-button",
                "container": "MuiListItem-container",
                "dense": "MuiListItem-dense",
                "disabled": "Mui-disabled",
                "divider": "MuiListItem-divider",
                "focusVisible": "Mui-focusVisible",
                "gutters": "MuiListItem-gutters",
                "root": "MuiListItem-root",
                "secondaryAction": "MuiListItem-secondaryAction",
                "selected": "Mui-selected",
              }
            }
          >
            <li
              className="MuiListItem-container"
            >
              <div
                className="MuiListItem-root MuiListItem-gutters MuiListItem-secondaryAction"
                disabled={false}
              >
                <WithStyles(ForwardRef(ListItemText))
                  key=".0"
                  primary="Test1"
                  secondary=""
                >
                  <ForwardRef(ListItemText)
                    classes={
                      Object {
                        "dense": "MuiListItemText-dense",
                        "inset": "MuiListItemText-inset",
                        "multiline": "MuiListItemText-multiline",
                        "primary": "MuiListItemText-primary",
                        "root": "MuiListItemText-root",
                        "secondary": "MuiListItemText-secondary",
                      }
                    }
                    primary="Test1"
                    secondary=""
                  >
                    <div
                      className="MuiListItemText-root MuiListItemText-multiline"
                    >
                      <WithStyles(ForwardRef(Typography))
                        className="MuiListItemText-primary"
                        component="span"
                        display="block"
                        variant="body1"
                      >
                        <ForwardRef(Typography)
                          className="MuiListItemText-primary"
                          classes={
                            Object {
                              "alignCenter": "MuiTypography-alignCenter",
                              "alignJustify": "MuiTypography-alignJustify",
                              "alignLeft": "MuiTypography-alignLeft",
                              "alignRight": "MuiTypography-alignRight",
                              "body1": "MuiTypography-body1",
                              "body2": "MuiTypography-body2",
                              "button": "MuiTypography-button",
                              "caption": "MuiTypography-caption",
                              "colorError": "MuiTypography-colorError",
                              "colorInherit": "MuiTypography-colorInherit",
                              "colorPrimary": "MuiTypography-colorPrimary",
                              "colorSecondary": "MuiTypography-colorSecondary",
                              "colorTextPrimary": "MuiTypography-colorTextPrimary",
                              "colorTextSecondary": "MuiTypography-colorTextSecondary",
                              "displayBlock": "MuiTypography-displayBlock",
                              "displayInline": "MuiTypography-displayInline",
                              "gutterBottom": "MuiTypography-gutterBottom",
                              "h1": "MuiTypography-h1",
                              "h2": "MuiTypography-h2",
                              "h3": "MuiTypography-h3",
                              "h4": "MuiTypography-h4",
                              "h5": "MuiTypography-h5",
                              "h6": "MuiTypography-h6",
                              "noWrap": "MuiTypography-noWrap",
                              "overline": "MuiTypography-overline",
                              "paragraph": "MuiTypography-paragraph",
                              "root": "MuiTypography-root",
                              "srOnly": "MuiTypography-srOnly",
                              "subtitle1": "MuiTypography-subtitle1",
                              "subtitle2": "MuiTypography-subtitle2",
                            }
                          }
                          component="span"
                          display="block"
                          variant="body1"
                        >
                          <span
                            className="MuiTypography-root MuiListItemText-primary MuiTypography-body1 MuiTypography-displayBlock"
                          >
                            Test1
                          </span>
                        </ForwardRef(Typography)>
                      </WithStyles(ForwardRef(Typography))>
                      <WithStyles(ForwardRef(Typography))
                        className="MuiListItemText-secondary"
                        color="textSecondary"
                        display="block"
                        variant="body2"
                      >
                        <ForwardRef(Typography)
                          className="MuiListItemText-secondary"
                          classes={
                            Object {
                              "alignCenter": "MuiTypography-alignCenter",
                              "alignJustify": "MuiTypography-alignJustify",
                              "alignLeft": "MuiTypography-alignLeft",
                              "alignRight": "MuiTypography-alignRight",
                              "body1": "MuiTypography-body1",
                              "body2": "MuiTypography-body2",
                              "button": "MuiTypography-button",
                              "caption": "MuiTypography-caption",
                              "colorError": "MuiTypography-colorError",
                              "colorInherit": "MuiTypography-colorInherit",
                              "colorPrimary": "MuiTypography-colorPrimary",
                              "colorSecondary": "MuiTypography-colorSecondary",
                              "colorTextPrimary": "MuiTypography-colorTextPrimary",
                              "colorTextSecondary": "MuiTypography-colorTextSecondary",
                              "displayBlock": "MuiTypography-displayBlock",
                              "displayInline": "MuiTypography-displayInline",
                              "gutterBottom": "MuiTypography-gutterBottom",
                              "h1": "MuiTypography-h1",
                              "h2": "MuiTypography-h2",
                              "h3": "MuiTypography-h3",
                              "h4": "MuiTypography-h4",
                              "h5": "MuiTypography-h5",
                              "h6": "MuiTypography-h6",
                              "noWrap": "MuiTypography-noWrap",
                              "overline": "MuiTypography-overline",
                              "paragraph": "MuiTypography-paragraph",
                              "root": "MuiTypography-root",
                              "srOnly": "MuiTypography-srOnly",
                              "subtitle1": "MuiTypography-subtitle1",
                              "subtitle2": "MuiTypography-subtitle2",
                            }
                          }
                          color="textSecondary"
                          display="block"
                          variant="body2"
                        >
                          <p
                            className="MuiTypography-root MuiListItemText-secondary MuiTypography-body2 MuiTypography-colorTextSecondary MuiTypography-displayBlock"
                          />
                        </ForwardRef(Typography)>
                      </WithStyles(ForwardRef(Typography))>
                    </div>
                  </ForwardRef(ListItemText)>
                </WithStyles(ForwardRef(ListItemText))>
              </div>
              <WithStyles(ForwardRef(ListItemSecondaryAction))
                key=".1"
              >
                <ForwardRef(ListItemSecondaryAction)
                  classes={
                    Object {
                      "root": "MuiListItemSecondaryAction-root",
                    }
                  }
                >
                  <div
                    className="MuiListItemSecondaryAction-root"
                  >
                    <WithStyles(ForwardRef(IconButton))
                      aria-label="edit"
                      disabled={false}
                      edge="end"
                      onClick={[Function]}
                    >
                      <ForwardRef(IconButton)
                        aria-label="edit"
                        classes={
                          Object {
                            "colorInherit": "MuiIconButton-colorInherit",
                            "colorPrimary": "MuiIconButton-colorPrimary",
                            "colorSecondary": "MuiIconButton-colorSecondary",
                            "disabled": "Mui-disabled",
                            "edgeEnd": "MuiIconButton-edgeEnd",
                            "edgeStart": "MuiIconButton-edgeStart",
                            "label": "MuiIconButton-label",
                            "root": "MuiIconButton-root",
                            "sizeSmall": "MuiIconButton-sizeSmall",
                          }
                        }
                        disabled={false}
                        edge="end"
                        onClick={[Function]}
                      >
                        <WithStyles(ForwardRef(ButtonBase))
                          aria-label="edit"
                          centerRipple={true}
                          className="MuiIconButton-root MuiIconButton-edgeEnd"
                          disabled={false}
                          focusRipple={true}
                          onClick={[Function]}
                        >
                          <ForwardRef(ButtonBase)
                            aria-label="edit"
                            centerRipple={true}
                            className="MuiIconButton-root MuiIconButton-edgeEnd"
                            classes={
                              Object {
                                "disabled": "Mui-disabled",
                                "focusVisible": "Mui-focusVisible",
                                "root": "MuiButtonBase-root",
                              }
                            }
                            disabled={false}
                            focusRipple={true}
                            onClick={[Function]}
                          >
                            <button
                              aria-label="edit"
                              className="MuiButtonBase-root MuiIconButton-root MuiIconButton-edgeEnd"
                              disabled={false}
                              onBlur={[Function]}
                              onClick={[Function]}
                              onDragLeave={[Function]}
                              onFocus={[Function]}
                              onKeyDown={[Function]}
                              onKeyUp={[Function]}
                              onMouseDown={[Function]}
                              onMouseLeave={[Function]}
                              onMouseUp={[Function]}
                              onTouchEnd={[Function]}
                              onTouchMove={[Function]}
                              onTouchStart={[Function]}
                              tabIndex={0}
                              type="button"
                            >
                              <span
                                className="MuiIconButton-label"
                              >
                                <ForwardRef>
                                  <WithStyles(ForwardRef(SvgIcon))>
                                    <ForwardRef(SvgIcon)
                                      classes={
                                        Object {
                                          "colorAction": "MuiSvgIcon-colorAction",
                                          "colorDisabled": "MuiSvgIcon-colorDisabled",
                                          "colorError": "MuiSvgIcon-colorError",
                                          "colorPrimary": "MuiSvgIcon-colorPrimary",
                                          "colorSecondary": "MuiSvgIcon-colorSecondary",
                                          "fontSizeInherit": "MuiSvgIcon-fontSizeInherit",
                                          "fontSizeLarge": "MuiSvgIcon-fontSizeLarge",
                                          "fontSizeSmall": "MuiSvgIcon-fontSizeSmall",
                                          "root": "MuiSvgIcon-root",
                                        }
                                      }
                                    >
                                      <svg
                                        aria-hidden={true}
                                        className="MuiSvgIcon-root"
                                        focusable="false"
                                        viewBox="0 0 24 24"
                                      >
                                        <path
                                          d="M3 17.25V21h3.75L17.81 9.94l-3.75-3.75L3 17.25zM20.71 7.04c.39-.39.39-1.02 0-1.41l-2.34-2.34a.9959.9959 0 00-1.41 0l-1.83 1.83 3.75 3.75 1.83-1.83z"
                                        />
                                      </svg>
                                    </ForwardRef(SvgIcon)>
                                  </WithStyles(ForwardRef(SvgIcon))>
                                </ForwardRef>
                              </span>
                              <WithStyles(memo)
                                center={true}
                              >
                                <ForwardRef(TouchRipple)
                                  center={true}
                                  classes={
                                    Object {
                                      "child": "MuiTouchRipple-child",
                                      "childLeaving": "MuiTouchRipple-childLeaving",
                                      "childPulsate": "MuiTouchRipple-childPulsate",
                                      "ripple": "MuiTouchRipple-ripple",
                                      "ripplePulsate": "MuiTouchRipple-ripplePulsate",
                                      "rippleVisible": "MuiTouchRipple-rippleVisible",
                                      "root": "MuiTouchRipple-root",
                                    }
                                  }
                                >
                                  <span
                                    className="MuiTouchRipple-root"
                                  >
                                    <TransitionGroup
                                      childFactory={[Function]}
                                      component={null}
                                      exit={true}
                                    />
                                  </span>
                                </ForwardRef(TouchRipple)>
                              </WithStyles(memo)>
                            </button>
                          </ForwardRef(ButtonBase)>
                        </WithStyles(ForwardRef(ButtonBase))>
                      </ForwardRef(IconButton)>
                    </WithStyles(ForwardRef(IconButton))>
                    <WithStyles(ForwardRef(IconButton))
                      aria-label="close"
                      edge="end"
                      onClick={[Function]}
                    >
                      <ForwardRef(IconButton)
                        aria-label="close"
                        classes={
                          Object {
                            "colorInherit": "MuiIconButton-colorInherit",
                            "colorPrimary": "MuiIconButton-colorPrimary",
                            "colorSecondary": "MuiIconButton-colorSecondary",
                            "disabled": "Mui-disabled",
                            "edgeEnd": "MuiIconButton-edgeEnd",
                            "edgeStart": "MuiIconButton-edgeStart",
                            "label": "MuiIconButton-label",
                            "root": "MuiIconButton-root",
                            "sizeSmall": "MuiIconButton-sizeSmall",
                          }
                        }
                        edge="end"
                        onClick={[Function]}
                      >
                        <WithStyles(ForwardRef(ButtonBase))
                          aria-label="close"
                          centerRipple={true}
                          className="MuiIconButton-root MuiIconButton-edgeEnd"
                          disabled={false}
                          focusRipple={true}
                          onClick={[Function]}
                        >
                          <ForwardRef(ButtonBase)
                            aria-label="close"
                            centerRipple={true}
                            className="MuiIconButton-root MuiIconButton-edgeEnd"
                            classes={
                              Object {
                                "disabled": "Mui-disabled",
                                "focusVisible": "Mui-focusVisible",
                                "root": "MuiButtonBase-root",
                              }
                            }
                            disabled={false}
                            focusRipple={true}
                            onClick={[Function]}
                          >
                            <button
                              aria-label="close"
                              className="MuiButtonBase-root MuiIconButton-root MuiIconButton-edgeEnd"
                              disabled={false}
                              onBlur={[Function]}
                              onClick={[Function]}
                              onDragLeave={[Function]}
                              onFocus={[Function]}
                              onKeyDown={[Function]}
                              onKeyUp={[Function]}
                              onMouseDown={[Function]}
                              onMouseLeave={[Function]}
                              onMouseUp={[Function]}
                              onTouchEnd={[Function]}
                              onTouchMove={[Function]}
                              onTouchStart={[Function]}
                              tabIndex={0}
                              type="button"
                            >
                              <span
                                className="MuiIconButton-label"
                              >
                                <ForwardRef>
                                  <WithStyles(ForwardRef(SvgIcon))>
                                    <ForwardRef(SvgIcon)
                                      classes={
                                        Object {
                                          "colorAction": "MuiSvgIcon-colorAction",
                                          "colorDisabled": "MuiSvgIcon-colorDisabled",
                                          "colorError": "MuiSvgIcon-colorError",
                                          "colorPrimary": "MuiSvgIcon-colorPrimary",
                                          "colorSecondary": "MuiSvgIcon-colorSecondary",
                                          "fontSizeInherit": "MuiSvgIcon-fontSizeInherit",
                                          "fontSizeLarge": "MuiSvgIcon-fontSizeLarge",
                                          "fontSizeSmall": "MuiSvgIcon-fontSizeSmall",
                                          "root": "MuiSvgIcon-root",
                                        }
                                      }
                                    >
                                      <svg
                                        aria-hidden={true}
                                        className="MuiSvgIcon-root"
                                        focusable="false"
                                        viewBox="0 0 24 24"
                                      >
                                        <path
                                          d="M19 6.41L17.59 5 12 10.59 6.41 5 5 6.41 10.59 12 5 17.59 6.41 19 12 13.41 17.59 19 19 17.59 13.41 12z"
                                        />
                                      </svg>
                                    </ForwardRef(SvgIcon)>
                                  </WithStyles(ForwardRef(SvgIcon))>
                                </ForwardRef>
                              </span>
                              <WithStyles(memo)
                                center={true}
                              >
                                <ForwardRef(TouchRipple)
                                  center={true}
                                  classes={
                                    Object {
                                      "child": "MuiTouchRipple-child",
                                      "childLeaving": "MuiTouchRipple-childLeaving",
                                      "childPulsate": "MuiTouchRipple-childPulsate",
                                      "ripple": "MuiTouchRipple-ripple",
                                      "ripplePulsate": "MuiTouchRipple-ripplePulsate",
                                      "rippleVisible": "MuiTouchRipple-rippleVisible",
                                      "root": "MuiTouchRipple-root",
                                    }
                                  }
                                >
                                  <span
                                    className="MuiTouchRipple-root"
                                  >
                                    <TransitionGroup
                                      childFactory={[Function]}
                                      component={null}
                                      exit={true}
                                    />
                                  </span>
                                </ForwardRef(TouchRipple)>
                              </WithStyles(memo)>
                            </button>
                          </ForwardRef(ButtonBase)>
                        </WithStyles(ForwardRef(ButtonBase))>
                      </ForwardRef(IconButton)>
                    </WithStyles(ForwardRef(IconButton))>
                  </div>
                </ForwardRef(ListItemSecondaryAction)>
              </WithStyles(ForwardRef(ListItemSecondaryAction))>
            </li>
          </ForwardRef(ListItem)>
        </WithStyles(ForwardRef(ListItem))>
      </div>
    </styled.div>
  </Memo()>
</Provider>
`;
